[ {
  "type" : "get",
  "url" : "/user/:id",
  "title" : "Read data of a User",
  "version" : "0.3.0",
  "name" : "GetUser",
  "permission" : {
    "name" : "admin"
  },
  "description" : "Compare Verison 0.3.0 with 0.2.0 and you will see the green markers with new items in version 0.3.0 and red markers with removed items since 0.2.0.",
  "parameter" : {
    "fields" : {
      "Parameter" : [ {
        "group" : "Parameter",
        "type" : "Number",
        "optional" : "false",
        "field" : "id",
        "description" : "The Users-ID."
      } ]
    }
  },
  "examples" : [ {
    "title" : "Example usage:",
    "content" : "curl -i http://localhost/user/4711",
    "type" : "json"
  } ],
  "success" : {
    "fields" : {
      "Success 200" : [ {
        "group" : "Success 200",
        "type" : "Number",
        "optional" : "false",
        "field" : "id",
        "description" : "The Users-ID."
      }, {
        "group" : "Success 200",
        "type" : "Date",
        "optional" : "false",
        "field" : "registered",
        "description" : "Registration Date."
      }, {
        "group" : "Success 200",
        "type" : "Date",
        "optional" : "false",
        "field" : "name",
        "description" : "Fullname of the User."
      }, {
        "group" : "Success 200",
        "type" : "String[]",
        "optional" : "false",
        "field" : "nicknames",
        "description" : "List of Users nicknames (Array of Strings)."
      }, {
        "group" : "Success 200",
        "type" : "Object",
        "optional" : "false",
        "field" : "profile",
        "description" : "Profile data (example for an Object)"
      }, {
        "group" : "Success 200",
        "type" : "Number",
        "optional" : "false",
        "field" : "profile.age",
        "description" : "Users age."
      }, {
        "group" : "Success 200",
        "type" : "String",
        "optional" : "false",
        "field" : "profile.image",
        "description" : "Avatar-Image."
      }, {
        "group" : "Success 200",
        "type" : "Object[]",
        "optional" : "false",
        "field" : "options",
        "description" : "List of Users options (Array of Objects)."
      }, {
        "group" : "Success 200",
        "type" : "String",
        "optional" : "false",
        "field" : "options.name",
        "description" : "Option Name."
      }, {
        "group" : "Success 200",
        "type" : "String",
        "optional" : "false",
        "field" : "options.value",
        "description" : "Option Value."
      } ]
    }
  },
  "error" : {
    "fields" : {
      "Error 4xx" : [ {
        "group" : "Error 4xx",
        "optional" : "false",
        "field" : "NoAccessRight",
        "description" : "Only authenticated Admins can access the data."
      }, {
        "group" : "Error 4xx",
        "optional" : "false",
        "field" : "UserNotFound",
        "description" : "The <code>id</code> of the User was not found."
      } ]
    },
    "examples" : [ {
      "title" : "Response (example):",
      "content" : "HTTP/1.1 401 Not Authenticated\n{\n  \"error\": \"NoAccessRight\"\n}",
      "type" : "json"
    } ]
  }
} ]